// Jest Snapshot v1, https://goo.gl/fbAQLP

exports[`PdfPageSnapshotUploader uploadPageSnapshot should print output matching snapshot 1`] = `
[MockFunction] {
  "calls": [
    [
      "[file1.pdf:1] Uploaded image to build build-id: upload id=upload-id:fake-image-buffer-1.",
    ],
    [
      "[file1.pdf:1] Created a snapshot snapshotName-file1.pdf-1 for build build-id.",
    ],
  ],
  "results": [
    {
      "type": "return",
      "value": undefined,
    },
    {
      "type": "return",
      "value": undefined,
    },
  ],
}
`;
