com.saucelabs.visual.integration.FullPageScreenshotIT.takeAFPSAndDisplayScrollBars=[
{
  "snapshot" : {
    "name" : "FPS hideScrollBars=false (Sauce)",
    "suiteName" : "com.saucelabs.visual.integration.FullPageScreenshotIT",
    "testName" : "takeAFPSAndDisplayScrollBars",
    "operatingSystem" : "WINDOWS",
    "operatingSystemVersion" : "10",
    "device" : "Desktop (1384x1007)",
    "devicePixelRatio" : 1,
    "hasDom" : true,
    "metadata" : {
      "full_page_config" : {
        "scroll_limit" : 0,
        "scroll_option" : null,
        "scroll_element" : null,
        "hide_scroll_bars" : null,
        "native_clip_selector" : null,
        "delay_after_scroll_ms" : 0,
        "disable_css_animation" : null,
        "hide_after_first_scroll" : null
      }
    },
    "diffs" : {
      "nodes" : [ {
        "status" : "EQUAL",
        "diffClusters" : [ ]
      } ]
    },
    "ignoreRegions" : [ ]
  }
}
]


com.saucelabs.visual.integration.FullPageScreenshotIT.takeAFPSWithDefaultSettings=[
{
  "snapshot" : {
    "name" : "FPS (Sauce)",
    "suiteName" : "com.saucelabs.visual.integration.FullPageScreenshotIT",
    "testName" : "takeAFPSWithDefaultSettings",
    "operatingSystem" : "WINDOWS",
    "operatingSystemVersion" : "10",
    "device" : "Desktop (1384x1007)",
    "devicePixelRatio" : 1,
    "hasDom" : true,
    "metadata" : {
      "full_page_config" : {
        "scroll_limit" : 0,
        "scroll_option" : null,
        "scroll_element" : null,
        "hide_scroll_bars" : null,
        "native_clip_selector" : null,
        "delay_after_scroll_ms" : 0,
        "disable_css_animation" : null,
        "hide_after_first_scroll" : null
      }
    },
    "diffs" : {
      "nodes" : [ {
        "status" : "EQUAL",
        "diffClusters" : [ ]
      } ]
    },
    "ignoreRegions" : [ ]
  }
}
]


com.saucelabs.visual.integration.FullPageScreenshotIT.takeAFPSWithScrollLimit=[
{
  "snapshot" : {
    "name" : "FPS scrollLimit=1 (Sauce)",
    "suiteName" : "com.saucelabs.visual.integration.FullPageScreenshotIT",
    "testName" : "takeAFPSWithScrollLimit",
    "operatingSystem" : "WINDOWS",
    "operatingSystemVersion" : "10",
    "device" : "Desktop (1384x1007)",
    "devicePixelRatio" : 1,
    "hasDom" : true,
    "metadata" : {
      "full_page_config" : {
        "scroll_limit" : 0,
        "scroll_option" : null,
        "scroll_element" : null,
        "hide_scroll_bars" : null,
        "native_clip_selector" : null,
        "delay_after_scroll_ms" : 0,
        "disable_css_animation" : null,
        "hide_after_first_scroll" : null
      }
    },
    "diffs" : {
      "nodes" : [ {
        "status" : "EQUAL",
        "diffClusters" : [ ]
      } ]
    },
    "ignoreRegions" : [ ]
  }
}
]